python : 2025-01-22 23:07:40,265 - INFO - Sprawdzanie zmiennych ┼Ťrodowiskowych...
At line:1 char:1
+ python test_mt5.py > test_output.txt 2>&1; Get-Content test_output.tx ...
+ ~~~~~~~~~~~~~~~~~~~~~~~~~~~~~~~~~~~~~~~~~
    + CategoryInfo          : NotSpecified: (2025-01-22 23:0...odowiskowych...:String) [], RemoteException
    + FullyQualifiedErrorId : NativeCommandError
 
2025-01-22 23:07:40,265 - INFO - Login: 62499981
2025-01-22 23:07:40,265 - INFO - Serwer: OANDATMS-MT5
2025-01-22 23:07:40,266 - INFO - Sprawdzanie instalacji MT5...
2025-01-22 23:07:40,266 - INFO - Wersja pakietu MT5: 5.0.45
2025-01-22 23:07:40,266 - INFO - Pr├│ba inicjalizacji MT5...
2025-01-22 23:07:40,280 - INFO - Status inicjalizacji: True
2025-01-22 23:07:40,280 - INFO - MT5 gotowy do u┼╝ycia
2025-01-22 23:07:40,280 - INFO - Wersja MT5: (500, 4790, '10 Jan 2025')
2025-01-22 23:07:40,281 - INFO - Login: 62499981
2025-01-22 23:07:40,281 - INFO - Serwer: OANDATMS-MT5
2025-01-22 23:07:40,281 - INFO - Saldo: 50116.87 PLN
2025-01-22 23:07:40,282 - INFO - Terminal po┼é─ůczony: True
2025-01-22 23:07:40,282 - INFO - Handel dozwolony: True
2025-01-22 23:07:40,282 - INFO - ┼Ücie┼╝ka: C:\Program Files\OANDA TMS MT5 Terminal
2025-01-22 23:07:40,282 - INFO - Test zako┼äczony
